ExitFailure 1
...
Test
  floor:   OK
  ceiling: FAIL
    Output differs from golden file golden/floating-point.golden

1 out of 2 tests failed (0.00s)
--- golden/floating-point.golden
+++ ceiling
@@ -0,4 +0,3 @@
-31
 32
 33
 34
@@ -7,15 +6,14 @@
 38
 39
 40
+41
 42
-43
 44
 45
 46
@@ -27,31 +26,31 @@
 59
 60
 61
+62
 63

...

